// Jest Snapshot v1, https://goo.gl/fbAQLP

exports[`Header should render as expected 1`] = `
<div
  className="panel-heading header"
>
  <h3
    className="panel-title"
  >
    Please sign in
  </h3>
</div>
`;
